// Jest Snapshot v1, https://goo.gl/fbAQLP

exports[`Table should render without throwing an error 1`] = `
<div>
  <table
    className="plainTable"
  >
    <thead>
      <tr>
        <th>
          Avatar
        </th>
        <th>
          Login
        </th>
        <th>
          Type
        </th>
      </tr>
    </thead>
    <tbody>
      <tr
        className=""
        onClick={[Function]}
      >
        <td>
          <img
            src="https://avatars.githubusercontent.com/u/383316?v=4"
          />
        </td>
        <td>
          test
        </td>
        <td>
          User
        </td>
      </tr>
      <tr
        className=""
        onClick={[Function]}
      >
        <td>
          <img
            src="https://avatars.githubusercontent.com/u/20162049?v=4"
          />
        </td>
        <td>
          testerSunshine
        </td>
        <td>
          User
        </td>
      </tr>
      <tr
        className=""
        onClick={[Function]}
      >
        <td>
          <img
            src="https://avatars.githubusercontent.com/u/21636478?v=4"
          />
        </td>
        <td>
          TestLeafPages
        </td>
        <td>
          User
        </td>
      </tr>
    </tbody>
  </table>
  <div
    className="paginationContainer"
  >
    <p>
      1
       - 
      10
       from 
      100
    </p>
    <ul
      className="pagination"
    >
      <li
        className="previous disabled"
      >
        <a
          aria-disabled="true"
          aria-label="Previous page"
          onClick={[Function]}
          onKeyPress={[Function]}
          rel="prev"
          role="button"
          tabIndex="0"
        >
          <p
            className="disabled"
          >
            Previous
          </p>
        </a>
      </li>
      <li
        className="active"
      >
        <a
          aria-current="page"
          aria-label="Page 1 is your current page"
          onClick={[Function]}
          onKeyPress={[Function]}
          role="button"
          tabIndex="0"
        >
          1
        </a>
      </li>
      <li>
        <a
          aria-current={null}
          aria-label="Page 2"
          onClick={[Function]}
          onKeyPress={[Function]}
          role="button"
          tabIndex="0"
        >
          2
        </a>
      </li>
      <li>
        <a
          aria-current={null}
          aria-label="Page 3"
          onClick={[Function]}
          onKeyPress={[Function]}
          role="button"
          tabIndex="0"
        >
          3
        </a>
      </li>
      <li
        className="break-me"
      >
        <a
          onClick={[Function]}
          onKeyPress={[Function]}
          role="button"
          tabIndex="0"
        >
          ...
        </a>
      </li>
      <li>
        <a
          aria-current={null}
          aria-label="Page 9"
          onClick={[Function]}
          onKeyPress={[Function]}
          role="button"
          tabIndex="0"
        >
          9
        </a>
      </li>
      <li>
        <a
          aria-current={null}
          aria-label="Page 10"
          onClick={[Function]}
          onKeyPress={[Function]}
          role="button"
          tabIndex="0"
        >
          10
        </a>
      </li>
      <li
        className="next"
      >
        <a
          aria-disabled="false"
          aria-label="Next page"
          onClick={[Function]}
          onKeyPress={[Function]}
          rel="next"
          role="button"
          tabIndex="0"
        >
          <p
            className=""
          >
            Next
          </p>
        </a>
      </li>
    </ul>
  </div>
</div>
`;
